// Jest Snapshot v1, https://jestjs.io/docs/snapshot-testing

exports[`Contact component coincide con el snapshot 1`] = `
<div>
  <section
    class="py-20 md:py-24 bg-neutral-900/50"
    id="contacto"
  >
    <div
      class="container mx-auto px-4"
    >
      <div
        class="max-w-4xl mx-auto text-center"
      >
        <h2
          class="text-5xl md:text-6xl lg:text-7xl font-semibold text-neutral-200 mb-6"
        >
          Contacto
        </h2>
        <p
          class="text-xl md:text-2xl lg:text-3xl text-neutral-400 mb-12"
        >
          ¿Tienes un proyecto en mente? Me encantaría escuchar sobre él.
        </p>
        <div
          class="flex flex-wrap justify-center gap-6 mb-12"
        >
          <a
            aria-label="Enviar email a Christian Papa"
            class="group flex items-center gap-3 px-6 py-4 bg-neutral-800 rounded-2xl border border-white/10 shadow-lg hover:shadow-xl transition-all duration-300 focus-ring"
            href="christofa2000@gmail.com"
            rel="noopener noreferrer"
            target="_blank"
          >
            <svg
              class="lucide lucide-mail text-neutral-400 group-hover:text-indigo-400 transition-colors"
              fill="none"
              height="24"
              stroke="currentColor"
              stroke-linecap="round"
              stroke-linejoin="round"
              stroke-width="2"
              viewBox="0 0 24 24"
              width="24"
              xmlns="http://www.w3.org/2000/svg"
            >
              <rect
                height="16"
                rx="2"
                width="20"
                x="2"
                y="4"
              />
              <path
                d="m22 7-8.97 5.7a1.94 1.94 0 0 1-2.06 0L2 7"
              />
            </svg>
            <span
              class="font-medium text-neutral-200 group-hover:text-indigo-400 transition-colors"
            >
              Email
            </span>
          </a>
          <a
            aria-label="Ver perfil de GitHub de Christian Papa"
            class="group flex items-center gap-3 px-6 py-4 bg-neutral-800 rounded-2xl border border-white/10 shadow-lg hover:shadow-xl transition-all duration-300 focus-ring"
            href="https://github.com/christofa2000"
            rel="noopener noreferrer"
            target="_blank"
          >
            <svg
              class="lucide lucide-github text-neutral-400 group-hover:text-indigo-400 transition-colors"
              fill="none"
              height="24"
              stroke="currentColor"
              stroke-linecap="round"
              stroke-linejoin="round"
              stroke-width="2"
              viewBox="0 0 24 24"
              width="24"
              xmlns="http://www.w3.org/2000/svg"
            >
              <path
                d="M15 22v-4a4.8 4.8 0 0 0-1-3.5c3 0 6-2 6-5.5.08-1.25-.27-2.48-1-3.5.28-1.15.28-2.35 0-3.5 0 0-1 0-3 1.5-2.64-.5-5.36-.5-8 0C6 2 5 2 5 2c-.3 1.15-.3 2.35 0 3.5A5.403 5.403 0 0 0 4 9c0 3.5 3 5.5 6 5.5-.39.49-.68 1.05-.85 1.65-.17.6-.22 1.23-.15 1.85v4"
              />
              <path
                d="M9 18c-4.51 2-5-2-7-2"
              />
            </svg>
            <span
              class="font-medium text-neutral-200 group-hover:text-indigo-400 transition-colors"
            >
              GitHub
            </span>
          </a>
          <a
            aria-label="Ver perfil de LinkedIn de Christian Papa"
            class="group flex items-center gap-3 px-6 py-4 bg-neutral-800 rounded-2xl border border-white/10 shadow-lg hover:shadow-xl transition-all duration-300 focus-ring"
            href="https://www.linkedin.com/in/christian-oscar-papa?utm_source=share_via&utm_content=profile&utm_medium=member_android"
            rel="noopener noreferrer"
            target="_blank"
          >
            <svg
              class="lucide lucide-linkedin text-neutral-400 group-hover:text-indigo-400 transition-colors"
              fill="none"
              height="24"
              stroke="currentColor"
              stroke-linecap="round"
              stroke-linejoin="round"
              stroke-width="2"
              viewBox="0 0 24 24"
              width="24"
              xmlns="http://www.w3.org/2000/svg"
            >
              <path
                d="M16 8a6 6 0 0 1 6 6v7h-4v-7a2 2 0 0 0-2-2 2 2 0 0 0-2 2v7h-4v-7a6 6 0 0 1 6-6z"
              />
              <rect
                height="12"
                width="4"
                x="2"
                y="9"
              />
              <circle
                cx="4"
                cy="4"
                r="2"
              />
            </svg>
            <span
              class="font-medium text-neutral-200 group-hover:text-indigo-400 transition-colors"
            >
              LinkedIn
            </span>
          </a>
        </div>
        <div>
          <a
            class="inline-flex items-center gap-3 px-8 py-4 bg-indigo-600 text-white font-semibold rounded-2xl hover:bg-indigo-700 transition-colors focus-ring shadow-lg hover:shadow-xl"
            download="CV-Christian-Papa.pdf"
            href="/cv-christian-papa.pdf"
          >
            <svg
              class="lucide lucide-download"
              fill="none"
              height="20"
              stroke="currentColor"
              stroke-linecap="round"
              stroke-linejoin="round"
              stroke-width="2"
              viewBox="0 0 24 24"
              width="20"
              xmlns="http://www.w3.org/2000/svg"
            >
              <path
                d="M21 15v4a2 2 0 0 1-2 2H5a2 2 0 0 1-2-2v-4"
              />
              <polyline
                points="7 10 12 15 17 10"
              />
              <line
                x1="12"
                x2="12"
                y1="15"
                y2="3"
              />
            </svg>
            Descargar CV
          </a>
        </div>
        <div
          class="mt-12 p-6 bg-neutral-800 rounded-2xl border border-white/10 shadow-lg"
        >
          <h3
            class="text-lg font-semibold text-neutral-200 mb-2"
          >
            Disponibilidad
          </h3>
          <p
            class="text-neutral-400"
          >
            Actualmente disponible para proyectos freelance y oportunidades de trabajo remoto. Respuesta garantizada en 24 horas.
          </p>
        </div>
      </div>
    </div>
  </section>
</div>
`;
