// Jest Snapshot v1, https://jestjs.io/docs/snapshot-testing

exports[`NavBar component coincide con el snapshot 1`] = `
<div>
  <a
    class="sr-only focus:not-sr-only focus:absolute focus:-top-10 focus:left-4 focus:z-[100] focus:bg-indigo-600 focus:text-white focus:px-4 focus:py-2 focus:rounded-md focus:transition-transform focus-ring"
    href="#content"
  >
    Saltar al contenido principal
  </a>
  <nav
    class="relative w-full bg-transparent"
  >
    <div
      class="mx-auto max-w-6xl md:max-w-7xl px-4 sm:px-6 lg:px-8"
    >
      <div
        class="h-16 flex items-center justify-center"
      >
        <div
          class="hidden md:flex items-center gap-6"
        >
          <button
            class="px-5 py-2 text-sm font-medium rounded-full border transition-colors focus-ring
                      text-neutral-300 hover:text-neutral-100 border-white/10 hover:bg-white/10"
          >
            Sobre mí
          </button>
          <button
            class="px-5 py-2 text-sm font-medium rounded-full border transition-colors focus-ring
                      text-neutral-300 hover:text-neutral-100 border-white/10 hover:bg-white/10"
          >
            Proyectos
          </button>
          <button
            class="px-5 py-2 text-sm font-medium rounded-full border transition-colors focus-ring
                      text-neutral-300 hover:text-neutral-100 border-white/10 hover:bg-white/10"
          >
            Contacto
          </button>
        </div>
        <button
          aria-controls="mobile-menu"
          aria-expanded="false"
          aria-label="Abrir/Cerrar menú móvil"
          class="md:hidden p-2 focus-ring text-neutral-300 hover:text-neutral-200"
        >
          <svg
            class="lucide lucide-menu"
            fill="none"
            height="24"
            stroke="currentColor"
            stroke-linecap="round"
            stroke-linejoin="round"
            stroke-width="2"
            viewBox="0 0 24 24"
            width="24"
            xmlns="http://www.w3.org/2000/svg"
          >
            <line
              x1="4"
              x2="20"
              y1="12"
              y2="12"
            />
            <line
              x1="4"
              x2="20"
              y1="6"
              y2="6"
            />
            <line
              x1="4"
              x2="20"
              y1="18"
              y2="18"
            />
          </svg>
        </button>
      </div>
      <div
        class="md:hidden overflow-hidden bg-neutral-950/70 backdrop-blur-sm border-t border-white/10"
        id="mobile-menu"
      >
        <div
          class="px-4 py-4 space-y-2"
        >
          <button
            class="block w-full text-left px-5 py-2 text-sm font-medium rounded-full transition-colors focus-ring border
                      text-neutral-300 hover:text-neutral-100 hover:bg-neutral-800/60 border-white/10"
          >
            Sobre mí
          </button>
          <button
            class="block w-full text-left px-5 py-2 text-sm font-medium rounded-full transition-colors focus-ring border
                      text-neutral-300 hover:text-neutral-100 hover:bg-neutral-800/60 border-white/10"
          >
            Proyectos
          </button>
          <button
            class="block w-full text-left px-5 py-2 text-sm font-medium rounded-full transition-colors focus-ring border
                      text-neutral-300 hover:text-neutral-100 hover:bg-neutral-800/60 border-white/10"
          >
            Contacto
          </button>
        </div>
      </div>
    </div>
  </nav>
</div>
`;
