// Jest Snapshot v1, https://jestjs.io/docs/snapshot-testing

exports[`ProjectCard component coincide con el snapshot 1`] = `
<div>
  <article
    class="grid lg:grid-cols-2 gap-12 items-center"
  >
    <div
      class="group relative aspect-[16/10] rounded-2xl overflow-hidden border border-white/10 shadow-lg
          lg:order-1 w-full lg:w-4/5 xl:w-3/4 mx-auto"
    >
      <img
        alt="Screenshot del proyecto Proyecto de Prueba"
        class="object-cover transition-transform duration-300 group-hover:scale-[1.03]"
        src="/placeholder-project-1.jpg"
      />
      <div
        class="absolute inset-0 bg-black/60 opacity-0 group-hover:opacity-100 transition-opacity duration-300 flex items-center justify-center"
      >
        <div
          class="flex gap-4"
        >
          <a
            aria-label="Ver demo de Proyecto de Prueba"
            class="p-3 bg-white text-neutral-900 rounded-full hover:bg-indigo-600 hover:text-white transition-colors focus-ring"
            href="https://demo.example.com"
            rel="noopener noreferrer"
            target="_blank"
          >
            <svg
              class="lucide lucide-external-link"
              fill="none"
              height="20"
              stroke="currentColor"
              stroke-linecap="round"
              stroke-linejoin="round"
              stroke-width="2"
              viewBox="0 0 24 24"
              width="20"
              xmlns="http://www.w3.org/2000/svg"
            >
              <path
                d="M15 3h6v6"
              />
              <path
                d="M10 14 21 3"
              />
              <path
                d="M18 13v6a2 2 0 0 1-2 2H5a2 2 0 0 1-2-2V8a2 2 0 0 1 2-2h6"
              />
            </svg>
          </a>
          <a
            aria-label="Ver Código de Proyecto de Prueba"
            class="p-3 bg-white text-neutral-900 rounded-full hover:bg-neutral-800 hover:text-white transition-colors focus-ring"
            href="https://github.com/example/repo"
            rel="noopener noreferrer"
            target="_blank"
          >
            <svg
              class="lucide lucide-github"
              fill="none"
              height="20"
              stroke="currentColor"
              stroke-linecap="round"
              stroke-linejoin="round"
              stroke-width="2"
              viewBox="0 0 24 24"
              width="20"
              xmlns="http://www.w3.org/2000/svg"
            >
              <path
                d="M15 22v-4a4.8 4.8 0 0 0-1-3.5c3 0 6-2 6-5.5.08-1.25-.27-2.48-1-3.5.28-1.15.28-2.35 0-3.5 0 0-1 0-3 1.5-2.64-.5-5.36-.5-8 0C6 2 5 2 5 2c-.3 1.15-.3 2.35 0 3.5A5.403 5.403 0 0 0 4 9c0 3.5 3 5.5 6 5.5-.39.49-.68 1.05-.85 1.65-.17.6-.22 1.23-.15 1.85v4"
              />
              <path
                d="M9 18c-4.51 2-5-2-7-2"
              />
            </svg>
          </a>
        </div>
      </div>
    </div>
    <div
      class="space-y-6 lg:order-2 w-full lg:w-4/5 xl:w-3/4 mx-auto"
    >
      <div
        class="space-y-4"
      >
        <h3
          class="text-3xl font-semibold text-neutral-200"
        >
          Proyecto de Prueba
        </h3>
        <p
          class="text-lg text-neutral-400 leading-relaxed"
        >
          Una descripción de prueba para el proyecto
        </p>
      </div>
      <div
        class="flex flex-wrap gap-2"
      >
        <span
          class="px-3 py-1 bg-neutral-800 text-neutral-300 rounded-full text-sm font-medium border border-white/10"
        >
          React
        </span>
        <span
          class="px-3 py-1 bg-neutral-800 text-neutral-300 rounded-full text-sm font-medium border border-white/10"
        >
          TypeScript
        </span>
        <span
          class="px-3 py-1 bg-neutral-800 text-neutral-300 rounded-full text-sm font-medium border border-white/10"
        >
          Next.js
        </span>
      </div>
      <div
        class="flex flex-wrap gap-4"
      >
        <a
          class="inline-flex items-center gap-2 px-6 py-3 bg-indigo-600 text-white font-medium rounded-xl hover:bg-indigo-700 transition-colors focus-ring"
          href="https://demo.example.com"
          rel="noopener noreferrer"
          target="_blank"
        >
          <svg
            class="lucide lucide-external-link"
            fill="none"
            height="16"
            stroke="currentColor"
            stroke-linecap="round"
            stroke-linejoin="round"
            stroke-width="2"
            viewBox="0 0 24 24"
            width="16"
            xmlns="http://www.w3.org/2000/svg"
          >
            <path
              d="M15 3h6v6"
            />
            <path
              d="M10 14 21 3"
            />
            <path
              d="M18 13v6a2 2 0 0 1-2 2H5a2 2 0 0 1-2-2V8a2 2 0 0 1 2-2h6"
            />
          </svg>
          Ver Demo
        </a>
        <a
          class="inline-flex items-center gap-2 px-6 py-3 border border-neutral-600 text-neutral-300 font-medium rounded-xl hover:bg-neutral-800 transition-colors focus-ring"
          href="https://github.com/example/repo"
          rel="noopener noreferrer"
          target="_blank"
        >
          <svg
            class="lucide lucide-github"
            fill="none"
            height="16"
            stroke="currentColor"
            stroke-linecap="round"
            stroke-linejoin="round"
            stroke-width="2"
            viewBox="0 0 24 24"
            width="16"
            xmlns="http://www.w3.org/2000/svg"
          >
            <path
              d="M15 22v-4a4.8 4.8 0 0 0-1-3.5c3 0 6-2 6-5.5.08-1.25-.27-2.48-1-3.5.28-1.15.28-2.35 0-3.5 0 0-1 0-3 1.5-2.64-.5-5.36-.5-8 0C6 2 5 2 5 2c-.3 1.15-.3 2.35 0 3.5A5.403 5.403 0 0 0 4 9c0 3.5 3 5.5 6 5.5-.39.49-.68 1.05-.85 1.65-.17.6-.22 1.23-.15 1.85v4"
            />
            <path
              d="M9 18c-4.51 2-5-2-7-2"
            />
          </svg>
          Código
        </a>
      </div>
    </div>
  </article>
</div>
`;
